ARM GAS  /var/folders/d7/pb3dkhys6j3db_qtp_8v34p80000gn/T//ccwkPaSU.s 			page 1


   1              		.cpu cortex-m0plus
   2              		.arch armv6s-m
   3              		.fpu softvfp
   4              		.eabi_attribute 20, 1
   5              		.eabi_attribute 21, 1
   6              		.eabi_attribute 23, 3
   7              		.eabi_attribute 24, 1
   8              		.eabi_attribute 25, 1
   9              		.eabi_attribute 26, 1
  10              		.eabi_attribute 30, 1
  11              		.eabi_attribute 34, 0
  12              		.eabi_attribute 18, 4
  13              		.file	"stm32l0xx_hal_msp.c"
  14              		.text
  15              	.Ltext0:
  16              		.cfi_sections	.debug_frame
  17              		.file 1 "Core/Src/stm32l0xx_hal_msp.c"
  18              		.section	.text.HAL_MspInit,"ax",%progbits
  19              		.align	1
  20              		.global	HAL_MspInit
  21              		.syntax unified
  22              		.code	16
  23              		.thumb_func
  25              	HAL_MspInit:
  26              	.LFB47:
   1:Core/Src/stm32l0xx_hal_msp.c **** /* USER CODE BEGIN Header */
   2:Core/Src/stm32l0xx_hal_msp.c **** /**
   3:Core/Src/stm32l0xx_hal_msp.c ****   ******************************************************************************
   4:Core/Src/stm32l0xx_hal_msp.c ****   * @file         stm32l0xx_hal_msp.c
   5:Core/Src/stm32l0xx_hal_msp.c ****   * @brief        This file provides code for the MSP Initialization
   6:Core/Src/stm32l0xx_hal_msp.c ****   *               and de-Initialization codes.
   7:Core/Src/stm32l0xx_hal_msp.c ****   ******************************************************************************
   8:Core/Src/stm32l0xx_hal_msp.c ****   * @attention
   9:Core/Src/stm32l0xx_hal_msp.c ****   *
  10:Core/Src/stm32l0xx_hal_msp.c ****   * Copyright (c) 2025 STMicroelectronics.
  11:Core/Src/stm32l0xx_hal_msp.c ****   * All rights reserved.
  12:Core/Src/stm32l0xx_hal_msp.c ****   *
  13:Core/Src/stm32l0xx_hal_msp.c ****   * This software is licensed under terms that can be found in the LICENSE file
  14:Core/Src/stm32l0xx_hal_msp.c ****   * in the root directory of this software component.
  15:Core/Src/stm32l0xx_hal_msp.c ****   * If no LICENSE file comes with this software, it is provided AS-IS.
  16:Core/Src/stm32l0xx_hal_msp.c ****   *
  17:Core/Src/stm32l0xx_hal_msp.c ****   ******************************************************************************
  18:Core/Src/stm32l0xx_hal_msp.c ****   */
  19:Core/Src/stm32l0xx_hal_msp.c **** /* USER CODE END Header */
  20:Core/Src/stm32l0xx_hal_msp.c **** 
  21:Core/Src/stm32l0xx_hal_msp.c **** /* Includes ------------------------------------------------------------------*/
  22:Core/Src/stm32l0xx_hal_msp.c **** #include "main.h"
  23:Core/Src/stm32l0xx_hal_msp.c **** /* USER CODE BEGIN Includes */
  24:Core/Src/stm32l0xx_hal_msp.c **** 
  25:Core/Src/stm32l0xx_hal_msp.c **** /* USER CODE END Includes */
  26:Core/Src/stm32l0xx_hal_msp.c **** 
  27:Core/Src/stm32l0xx_hal_msp.c **** /* Private typedef -----------------------------------------------------------*/
  28:Core/Src/stm32l0xx_hal_msp.c **** /* USER CODE BEGIN TD */
  29:Core/Src/stm32l0xx_hal_msp.c **** 
  30:Core/Src/stm32l0xx_hal_msp.c **** /* USER CODE END TD */
  31:Core/Src/stm32l0xx_hal_msp.c **** 
  32:Core/Src/stm32l0xx_hal_msp.c **** /* Private define ------------------------------------------------------------*/
ARM GAS  /var/folders/d7/pb3dkhys6j3db_qtp_8v34p80000gn/T//ccwkPaSU.s 			page 2


  33:Core/Src/stm32l0xx_hal_msp.c **** /* USER CODE BEGIN Define */
  34:Core/Src/stm32l0xx_hal_msp.c **** 
  35:Core/Src/stm32l0xx_hal_msp.c **** /* USER CODE END Define */
  36:Core/Src/stm32l0xx_hal_msp.c **** 
  37:Core/Src/stm32l0xx_hal_msp.c **** /* Private macro -------------------------------------------------------------*/
  38:Core/Src/stm32l0xx_hal_msp.c **** /* USER CODE BEGIN Macro */
  39:Core/Src/stm32l0xx_hal_msp.c **** 
  40:Core/Src/stm32l0xx_hal_msp.c **** /* USER CODE END Macro */
  41:Core/Src/stm32l0xx_hal_msp.c **** 
  42:Core/Src/stm32l0xx_hal_msp.c **** /* Private variables ---------------------------------------------------------*/
  43:Core/Src/stm32l0xx_hal_msp.c **** /* USER CODE BEGIN PV */
  44:Core/Src/stm32l0xx_hal_msp.c **** 
  45:Core/Src/stm32l0xx_hal_msp.c **** /* USER CODE END PV */
  46:Core/Src/stm32l0xx_hal_msp.c **** 
  47:Core/Src/stm32l0xx_hal_msp.c **** /* Private function prototypes -----------------------------------------------*/
  48:Core/Src/stm32l0xx_hal_msp.c **** /* USER CODE BEGIN PFP */
  49:Core/Src/stm32l0xx_hal_msp.c **** 
  50:Core/Src/stm32l0xx_hal_msp.c **** /* USER CODE END PFP */
  51:Core/Src/stm32l0xx_hal_msp.c **** 
  52:Core/Src/stm32l0xx_hal_msp.c **** /* External functions --------------------------------------------------------*/
  53:Core/Src/stm32l0xx_hal_msp.c **** /* USER CODE BEGIN ExternalFunctions */
  54:Core/Src/stm32l0xx_hal_msp.c **** 
  55:Core/Src/stm32l0xx_hal_msp.c **** /* USER CODE END ExternalFunctions */
  56:Core/Src/stm32l0xx_hal_msp.c **** 
  57:Core/Src/stm32l0xx_hal_msp.c **** /* USER CODE BEGIN 0 */
  58:Core/Src/stm32l0xx_hal_msp.c **** 
  59:Core/Src/stm32l0xx_hal_msp.c **** /* USER CODE END 0 */
  60:Core/Src/stm32l0xx_hal_msp.c **** /**
  61:Core/Src/stm32l0xx_hal_msp.c ****   * Initializes the Global MSP.
  62:Core/Src/stm32l0xx_hal_msp.c ****   */
  63:Core/Src/stm32l0xx_hal_msp.c **** void HAL_MspInit(void)
  64:Core/Src/stm32l0xx_hal_msp.c **** {
  27              		.loc 1 64 1 view -0
  28              		.cfi_startproc
  29              		@ args = 0, pretend = 0, frame = 0
  30              		@ frame_needed = 0, uses_anonymous_args = 0
  31              		@ link register save eliminated.
  65:Core/Src/stm32l0xx_hal_msp.c **** 
  66:Core/Src/stm32l0xx_hal_msp.c ****   /* USER CODE BEGIN MspInit 0 */
  67:Core/Src/stm32l0xx_hal_msp.c **** 
  68:Core/Src/stm32l0xx_hal_msp.c ****   /* USER CODE END MspInit 0 */
  69:Core/Src/stm32l0xx_hal_msp.c **** 
  70:Core/Src/stm32l0xx_hal_msp.c ****   __HAL_RCC_SYSCFG_CLK_ENABLE();
  32              		.loc 1 70 3 view .LVU1
  33 0000 054B     		ldr	r3, .L2
  34 0002 5A6B     		ldr	r2, [r3, #52]
  35 0004 0121     		movs	r1, #1
  36 0006 0A43     		orrs	r2, r1
  37 0008 5A63     		str	r2, [r3, #52]
  71:Core/Src/stm32l0xx_hal_msp.c ****   __HAL_RCC_PWR_CLK_ENABLE();
  38              		.loc 1 71 3 view .LVU2
  39 000a 996B     		ldr	r1, [r3, #56]
  40 000c 8022     		movs	r2, #128
  41 000e 5205     		lsls	r2, r2, #21
  42 0010 0A43     		orrs	r2, r1
  43 0012 9A63     		str	r2, [r3, #56]
  72:Core/Src/stm32l0xx_hal_msp.c **** 
ARM GAS  /var/folders/d7/pb3dkhys6j3db_qtp_8v34p80000gn/T//ccwkPaSU.s 			page 3


  73:Core/Src/stm32l0xx_hal_msp.c ****   /* System interrupt init*/
  74:Core/Src/stm32l0xx_hal_msp.c **** 
  75:Core/Src/stm32l0xx_hal_msp.c ****   /* USER CODE BEGIN MspInit 1 */
  76:Core/Src/stm32l0xx_hal_msp.c **** 
  77:Core/Src/stm32l0xx_hal_msp.c ****   /* USER CODE END MspInit 1 */
  78:Core/Src/stm32l0xx_hal_msp.c **** }
  44              		.loc 1 78 1 is_stmt 0 view .LVU3
  45              		@ sp needed
  46 0014 7047     		bx	lr
  47              	.L3:
  48 0016 C046     		.align	2
  49              	.L2:
  50 0018 00100240 		.word	1073876992
  51              		.cfi_endproc
  52              	.LFE47:
  54              		.section	.text.HAL_DAC_MspInit,"ax",%progbits
  55              		.align	1
  56              		.global	HAL_DAC_MspInit
  57              		.syntax unified
  58              		.code	16
  59              		.thumb_func
  61              	HAL_DAC_MspInit:
  62              	.LVL0:
  63              	.LFB48:
  79:Core/Src/stm32l0xx_hal_msp.c **** 
  80:Core/Src/stm32l0xx_hal_msp.c **** /**
  81:Core/Src/stm32l0xx_hal_msp.c ****   * @brief DAC MSP Initialization
  82:Core/Src/stm32l0xx_hal_msp.c ****   * This function configures the hardware resources used in this example
  83:Core/Src/stm32l0xx_hal_msp.c ****   * @param hdac: DAC handle pointer
  84:Core/Src/stm32l0xx_hal_msp.c ****   * @retval None
  85:Core/Src/stm32l0xx_hal_msp.c ****   */
  86:Core/Src/stm32l0xx_hal_msp.c **** void HAL_DAC_MspInit(DAC_HandleTypeDef* hdac)
  87:Core/Src/stm32l0xx_hal_msp.c **** {
  64              		.loc 1 87 1 is_stmt 1 view -0
  65              		.cfi_startproc
  66              		@ args = 0, pretend = 0, frame = 24
  67              		@ frame_needed = 0, uses_anonymous_args = 0
  68              		.loc 1 87 1 is_stmt 0 view .LVU5
  69 0000 10B5     		push	{r4, lr}
  70              	.LCFI0:
  71              		.cfi_def_cfa_offset 8
  72              		.cfi_offset 4, -8
  73              		.cfi_offset 14, -4
  74 0002 86B0     		sub	sp, sp, #24
  75              	.LCFI1:
  76              		.cfi_def_cfa_offset 32
  77 0004 0400     		movs	r4, r0
  88:Core/Src/stm32l0xx_hal_msp.c ****   GPIO_InitTypeDef GPIO_InitStruct = {0};
  78              		.loc 1 88 3 is_stmt 1 view .LVU6
  79              		.loc 1 88 20 is_stmt 0 view .LVU7
  80 0006 1422     		movs	r2, #20
  81 0008 0021     		movs	r1, #0
  82 000a 01A8     		add	r0, sp, #4
  83              	.LVL1:
  84              		.loc 1 88 20 view .LVU8
  85 000c FFF7FEFF 		bl	memset
  86              	.LVL2:
ARM GAS  /var/folders/d7/pb3dkhys6j3db_qtp_8v34p80000gn/T//ccwkPaSU.s 			page 4


  89:Core/Src/stm32l0xx_hal_msp.c ****   if(hdac->Instance==DAC)
  87              		.loc 1 89 3 is_stmt 1 view .LVU9
  88              		.loc 1 89 10 is_stmt 0 view .LVU10
  89 0010 2268     		ldr	r2, [r4]
  90              		.loc 1 89 5 view .LVU11
  91 0012 0E4B     		ldr	r3, .L7
  92 0014 9A42     		cmp	r2, r3
  93 0016 01D0     		beq	.L6
  94              	.L4:
  90:Core/Src/stm32l0xx_hal_msp.c ****   {
  91:Core/Src/stm32l0xx_hal_msp.c ****     /* USER CODE BEGIN DAC_MspInit 0 */
  92:Core/Src/stm32l0xx_hal_msp.c **** 
  93:Core/Src/stm32l0xx_hal_msp.c ****     /* USER CODE END DAC_MspInit 0 */
  94:Core/Src/stm32l0xx_hal_msp.c ****     /* Peripheral clock enable */
  95:Core/Src/stm32l0xx_hal_msp.c ****     __HAL_RCC_DAC_CLK_ENABLE();
  96:Core/Src/stm32l0xx_hal_msp.c **** 
  97:Core/Src/stm32l0xx_hal_msp.c ****     __HAL_RCC_GPIOA_CLK_ENABLE();
  98:Core/Src/stm32l0xx_hal_msp.c ****     /**DAC GPIO Configuration
  99:Core/Src/stm32l0xx_hal_msp.c ****     PA4     ------> DAC_OUT1
 100:Core/Src/stm32l0xx_hal_msp.c ****     */
 101:Core/Src/stm32l0xx_hal_msp.c ****     GPIO_InitStruct.Pin = GPIO_PIN_4;
 102:Core/Src/stm32l0xx_hal_msp.c ****     GPIO_InitStruct.Mode = GPIO_MODE_ANALOG;
 103:Core/Src/stm32l0xx_hal_msp.c ****     GPIO_InitStruct.Pull = GPIO_NOPULL;
 104:Core/Src/stm32l0xx_hal_msp.c ****     HAL_GPIO_Init(GPIOA, &GPIO_InitStruct);
 105:Core/Src/stm32l0xx_hal_msp.c **** 
 106:Core/Src/stm32l0xx_hal_msp.c ****     /* USER CODE BEGIN DAC_MspInit 1 */
 107:Core/Src/stm32l0xx_hal_msp.c **** 
 108:Core/Src/stm32l0xx_hal_msp.c ****     /* USER CODE END DAC_MspInit 1 */
 109:Core/Src/stm32l0xx_hal_msp.c **** 
 110:Core/Src/stm32l0xx_hal_msp.c ****   }
 111:Core/Src/stm32l0xx_hal_msp.c **** 
 112:Core/Src/stm32l0xx_hal_msp.c **** }
  95              		.loc 1 112 1 view .LVU12
  96 0018 06B0     		add	sp, sp, #24
  97              		@ sp needed
  98              	.LVL3:
  99              		.loc 1 112 1 view .LVU13
 100 001a 10BD     		pop	{r4, pc}
 101              	.LVL4:
 102              	.L6:
  95:Core/Src/stm32l0xx_hal_msp.c **** 
 103              		.loc 1 95 5 is_stmt 1 view .LVU14
 104 001c 0C4B     		ldr	r3, .L7+4
 105 001e 996B     		ldr	r1, [r3, #56]
 106 0020 8022     		movs	r2, #128
 107 0022 9205     		lsls	r2, r2, #22
 108 0024 0A43     		orrs	r2, r1
 109 0026 9A63     		str	r2, [r3, #56]
  97:Core/Src/stm32l0xx_hal_msp.c ****     /**DAC GPIO Configuration
 110              		.loc 1 97 5 view .LVU15
 111              	.LBB2:
  97:Core/Src/stm32l0xx_hal_msp.c ****     /**DAC GPIO Configuration
 112              		.loc 1 97 5 view .LVU16
  97:Core/Src/stm32l0xx_hal_msp.c ****     /**DAC GPIO Configuration
 113              		.loc 1 97 5 view .LVU17
 114 0028 D96A     		ldr	r1, [r3, #44]
 115 002a 0122     		movs	r2, #1
ARM GAS  /var/folders/d7/pb3dkhys6j3db_qtp_8v34p80000gn/T//ccwkPaSU.s 			page 5


 116 002c 1143     		orrs	r1, r2
 117 002e D962     		str	r1, [r3, #44]
  97:Core/Src/stm32l0xx_hal_msp.c ****     /**DAC GPIO Configuration
 118              		.loc 1 97 5 view .LVU18
 119 0030 DB6A     		ldr	r3, [r3, #44]
 120 0032 1A40     		ands	r2, r3
 121 0034 0092     		str	r2, [sp]
  97:Core/Src/stm32l0xx_hal_msp.c ****     /**DAC GPIO Configuration
 122              		.loc 1 97 5 view .LVU19
 123 0036 009B     		ldr	r3, [sp]
 124              	.LBE2:
  97:Core/Src/stm32l0xx_hal_msp.c ****     /**DAC GPIO Configuration
 125              		.loc 1 97 5 view .LVU20
 101:Core/Src/stm32l0xx_hal_msp.c ****     GPIO_InitStruct.Mode = GPIO_MODE_ANALOG;
 126              		.loc 1 101 5 view .LVU21
 101:Core/Src/stm32l0xx_hal_msp.c ****     GPIO_InitStruct.Mode = GPIO_MODE_ANALOG;
 127              		.loc 1 101 25 is_stmt 0 view .LVU22
 128 0038 01A9     		add	r1, sp, #4
 129 003a 1023     		movs	r3, #16
 130 003c 0193     		str	r3, [sp, #4]
 102:Core/Src/stm32l0xx_hal_msp.c ****     GPIO_InitStruct.Pull = GPIO_NOPULL;
 131              		.loc 1 102 5 is_stmt 1 view .LVU23
 102:Core/Src/stm32l0xx_hal_msp.c ****     GPIO_InitStruct.Pull = GPIO_NOPULL;
 132              		.loc 1 102 26 is_stmt 0 view .LVU24
 133 003e 0D3B     		subs	r3, r3, #13
 134 0040 4B60     		str	r3, [r1, #4]
 103:Core/Src/stm32l0xx_hal_msp.c ****     HAL_GPIO_Init(GPIOA, &GPIO_InitStruct);
 135              		.loc 1 103 5 is_stmt 1 view .LVU25
 104:Core/Src/stm32l0xx_hal_msp.c **** 
 136              		.loc 1 104 5 view .LVU26
 137 0042 A020     		movs	r0, #160
 138 0044 C005     		lsls	r0, r0, #23
 139 0046 FFF7FEFF 		bl	HAL_GPIO_Init
 140              	.LVL5:
 141              		.loc 1 112 1 is_stmt 0 view .LVU27
 142 004a E5E7     		b	.L4
 143              	.L8:
 144              		.align	2
 145              	.L7:
 146 004c 00740040 		.word	1073771520
 147 0050 00100240 		.word	1073876992
 148              		.cfi_endproc
 149              	.LFE48:
 151              		.section	.text.HAL_DAC_MspDeInit,"ax",%progbits
 152              		.align	1
 153              		.global	HAL_DAC_MspDeInit
 154              		.syntax unified
 155              		.code	16
 156              		.thumb_func
 158              	HAL_DAC_MspDeInit:
 159              	.LVL6:
 160              	.LFB49:
 113:Core/Src/stm32l0xx_hal_msp.c **** 
 114:Core/Src/stm32l0xx_hal_msp.c **** /**
 115:Core/Src/stm32l0xx_hal_msp.c ****   * @brief DAC MSP De-Initialization
 116:Core/Src/stm32l0xx_hal_msp.c ****   * This function freeze the hardware resources used in this example
 117:Core/Src/stm32l0xx_hal_msp.c ****   * @param hdac: DAC handle pointer
ARM GAS  /var/folders/d7/pb3dkhys6j3db_qtp_8v34p80000gn/T//ccwkPaSU.s 			page 6


 118:Core/Src/stm32l0xx_hal_msp.c ****   * @retval None
 119:Core/Src/stm32l0xx_hal_msp.c ****   */
 120:Core/Src/stm32l0xx_hal_msp.c **** void HAL_DAC_MspDeInit(DAC_HandleTypeDef* hdac)
 121:Core/Src/stm32l0xx_hal_msp.c **** {
 161              		.loc 1 121 1 is_stmt 1 view -0
 162              		.cfi_startproc
 163              		@ args = 0, pretend = 0, frame = 0
 164              		@ frame_needed = 0, uses_anonymous_args = 0
 165              		.loc 1 121 1 is_stmt 0 view .LVU29
 166 0000 10B5     		push	{r4, lr}
 167              	.LCFI2:
 168              		.cfi_def_cfa_offset 8
 169              		.cfi_offset 4, -8
 170              		.cfi_offset 14, -4
 122:Core/Src/stm32l0xx_hal_msp.c ****   if(hdac->Instance==DAC)
 171              		.loc 1 122 3 is_stmt 1 view .LVU30
 172              		.loc 1 122 10 is_stmt 0 view .LVU31
 173 0002 0268     		ldr	r2, [r0]
 174              		.loc 1 122 5 view .LVU32
 175 0004 074B     		ldr	r3, .L12
 176 0006 9A42     		cmp	r2, r3
 177 0008 00D0     		beq	.L11
 178              	.LVL7:
 179              	.L9:
 123:Core/Src/stm32l0xx_hal_msp.c ****   {
 124:Core/Src/stm32l0xx_hal_msp.c ****     /* USER CODE BEGIN DAC_MspDeInit 0 */
 125:Core/Src/stm32l0xx_hal_msp.c **** 
 126:Core/Src/stm32l0xx_hal_msp.c ****     /* USER CODE END DAC_MspDeInit 0 */
 127:Core/Src/stm32l0xx_hal_msp.c ****     /* Peripheral clock disable */
 128:Core/Src/stm32l0xx_hal_msp.c ****     __HAL_RCC_DAC_CLK_DISABLE();
 129:Core/Src/stm32l0xx_hal_msp.c **** 
 130:Core/Src/stm32l0xx_hal_msp.c ****     /**DAC GPIO Configuration
 131:Core/Src/stm32l0xx_hal_msp.c ****     PA4     ------> DAC_OUT1
 132:Core/Src/stm32l0xx_hal_msp.c ****     */
 133:Core/Src/stm32l0xx_hal_msp.c ****     HAL_GPIO_DeInit(GPIOA, GPIO_PIN_4);
 134:Core/Src/stm32l0xx_hal_msp.c **** 
 135:Core/Src/stm32l0xx_hal_msp.c ****     /* USER CODE BEGIN DAC_MspDeInit 1 */
 136:Core/Src/stm32l0xx_hal_msp.c **** 
 137:Core/Src/stm32l0xx_hal_msp.c ****     /* USER CODE END DAC_MspDeInit 1 */
 138:Core/Src/stm32l0xx_hal_msp.c ****   }
 139:Core/Src/stm32l0xx_hal_msp.c **** 
 140:Core/Src/stm32l0xx_hal_msp.c **** }
 180              		.loc 1 140 1 view .LVU33
 181              		@ sp needed
 182 000a 10BD     		pop	{r4, pc}
 183              	.LVL8:
 184              	.L11:
 128:Core/Src/stm32l0xx_hal_msp.c **** 
 185              		.loc 1 128 5 is_stmt 1 view .LVU34
 186 000c 064A     		ldr	r2, .L12+4
 187 000e 936B     		ldr	r3, [r2, #56]
 188 0010 0649     		ldr	r1, .L12+8
 189 0012 0B40     		ands	r3, r1
 190 0014 9363     		str	r3, [r2, #56]
 133:Core/Src/stm32l0xx_hal_msp.c **** 
 191              		.loc 1 133 5 view .LVU35
 192 0016 A020     		movs	r0, #160
ARM GAS  /var/folders/d7/pb3dkhys6j3db_qtp_8v34p80000gn/T//ccwkPaSU.s 			page 7


 193              	.LVL9:
 133:Core/Src/stm32l0xx_hal_msp.c **** 
 194              		.loc 1 133 5 is_stmt 0 view .LVU36
 195 0018 1021     		movs	r1, #16
 196 001a C005     		lsls	r0, r0, #23
 197 001c FFF7FEFF 		bl	HAL_GPIO_DeInit
 198              	.LVL10:
 199              		.loc 1 140 1 view .LVU37
 200 0020 F3E7     		b	.L9
 201              	.L13:
 202 0022 C046     		.align	2
 203              	.L12:
 204 0024 00740040 		.word	1073771520
 205 0028 00100240 		.word	1073876992
 206 002c FFFFFFDF 		.word	-536870913
 207              		.cfi_endproc
 208              	.LFE49:
 210              		.section	.text.HAL_UART_MspInit,"ax",%progbits
 211              		.align	1
 212              		.global	HAL_UART_MspInit
 213              		.syntax unified
 214              		.code	16
 215              		.thumb_func
 217              	HAL_UART_MspInit:
 218              	.LVL11:
 219              	.LFB50:
 141:Core/Src/stm32l0xx_hal_msp.c **** 
 142:Core/Src/stm32l0xx_hal_msp.c **** /**
 143:Core/Src/stm32l0xx_hal_msp.c ****   * @brief UART MSP Initialization
 144:Core/Src/stm32l0xx_hal_msp.c ****   * This function configures the hardware resources used in this example
 145:Core/Src/stm32l0xx_hal_msp.c ****   * @param huart: UART handle pointer
 146:Core/Src/stm32l0xx_hal_msp.c ****   * @retval None
 147:Core/Src/stm32l0xx_hal_msp.c ****   */
 148:Core/Src/stm32l0xx_hal_msp.c **** void HAL_UART_MspInit(UART_HandleTypeDef* huart)
 149:Core/Src/stm32l0xx_hal_msp.c **** {
 220              		.loc 1 149 1 is_stmt 1 view -0
 221              		.cfi_startproc
 222              		@ args = 0, pretend = 0, frame = 24
 223              		@ frame_needed = 0, uses_anonymous_args = 0
 224              		.loc 1 149 1 is_stmt 0 view .LVU39
 225 0000 10B5     		push	{r4, lr}
 226              	.LCFI3:
 227              		.cfi_def_cfa_offset 8
 228              		.cfi_offset 4, -8
 229              		.cfi_offset 14, -4
 230 0002 86B0     		sub	sp, sp, #24
 231              	.LCFI4:
 232              		.cfi_def_cfa_offset 32
 233 0004 0400     		movs	r4, r0
 150:Core/Src/stm32l0xx_hal_msp.c ****   GPIO_InitTypeDef GPIO_InitStruct = {0};
 234              		.loc 1 150 3 is_stmt 1 view .LVU40
 235              		.loc 1 150 20 is_stmt 0 view .LVU41
 236 0006 1422     		movs	r2, #20
 237 0008 0021     		movs	r1, #0
 238 000a 01A8     		add	r0, sp, #4
 239              	.LVL12:
 240              		.loc 1 150 20 view .LVU42
ARM GAS  /var/folders/d7/pb3dkhys6j3db_qtp_8v34p80000gn/T//ccwkPaSU.s 			page 8


 241 000c FFF7FEFF 		bl	memset
 242              	.LVL13:
 151:Core/Src/stm32l0xx_hal_msp.c ****   if(huart->Instance==USART2)
 243              		.loc 1 151 3 is_stmt 1 view .LVU43
 244              		.loc 1 151 11 is_stmt 0 view .LVU44
 245 0010 2268     		ldr	r2, [r4]
 246              		.loc 1 151 5 view .LVU45
 247 0012 104B     		ldr	r3, .L17
 248 0014 9A42     		cmp	r2, r3
 249 0016 01D0     		beq	.L16
 250              	.L14:
 152:Core/Src/stm32l0xx_hal_msp.c ****   {
 153:Core/Src/stm32l0xx_hal_msp.c ****     /* USER CODE BEGIN USART2_MspInit 0 */
 154:Core/Src/stm32l0xx_hal_msp.c **** 
 155:Core/Src/stm32l0xx_hal_msp.c ****     /* USER CODE END USART2_MspInit 0 */
 156:Core/Src/stm32l0xx_hal_msp.c ****     /* Peripheral clock enable */
 157:Core/Src/stm32l0xx_hal_msp.c ****     __HAL_RCC_USART2_CLK_ENABLE();
 158:Core/Src/stm32l0xx_hal_msp.c **** 
 159:Core/Src/stm32l0xx_hal_msp.c ****     __HAL_RCC_GPIOA_CLK_ENABLE();
 160:Core/Src/stm32l0xx_hal_msp.c ****     /**USART2 GPIO Configuration
 161:Core/Src/stm32l0xx_hal_msp.c ****     PA2     ------> USART2_TX
 162:Core/Src/stm32l0xx_hal_msp.c ****     PA3     ------> USART2_RX
 163:Core/Src/stm32l0xx_hal_msp.c ****     */
 164:Core/Src/stm32l0xx_hal_msp.c ****     GPIO_InitStruct.Pin = USART_TX_Pin|USART_RX_Pin;
 165:Core/Src/stm32l0xx_hal_msp.c ****     GPIO_InitStruct.Mode = GPIO_MODE_AF_PP;
 166:Core/Src/stm32l0xx_hal_msp.c ****     GPIO_InitStruct.Pull = GPIO_NOPULL;
 167:Core/Src/stm32l0xx_hal_msp.c ****     GPIO_InitStruct.Speed = GPIO_SPEED_FREQ_VERY_HIGH;
 168:Core/Src/stm32l0xx_hal_msp.c ****     GPIO_InitStruct.Alternate = GPIO_AF4_USART2;
 169:Core/Src/stm32l0xx_hal_msp.c ****     HAL_GPIO_Init(GPIOA, &GPIO_InitStruct);
 170:Core/Src/stm32l0xx_hal_msp.c **** 
 171:Core/Src/stm32l0xx_hal_msp.c ****     /* USER CODE BEGIN USART2_MspInit 1 */
 172:Core/Src/stm32l0xx_hal_msp.c **** 
 173:Core/Src/stm32l0xx_hal_msp.c ****     /* USER CODE END USART2_MspInit 1 */
 174:Core/Src/stm32l0xx_hal_msp.c **** 
 175:Core/Src/stm32l0xx_hal_msp.c ****   }
 176:Core/Src/stm32l0xx_hal_msp.c **** 
 177:Core/Src/stm32l0xx_hal_msp.c **** }
 251              		.loc 1 177 1 view .LVU46
 252 0018 06B0     		add	sp, sp, #24
 253              		@ sp needed
 254              	.LVL14:
 255              		.loc 1 177 1 view .LVU47
 256 001a 10BD     		pop	{r4, pc}
 257              	.LVL15:
 258              	.L16:
 157:Core/Src/stm32l0xx_hal_msp.c **** 
 259              		.loc 1 157 5 is_stmt 1 view .LVU48
 260 001c 0E4B     		ldr	r3, .L17+4
 261 001e 996B     		ldr	r1, [r3, #56]
 262 0020 8022     		movs	r2, #128
 263 0022 9202     		lsls	r2, r2, #10
 264 0024 0A43     		orrs	r2, r1
 265 0026 9A63     		str	r2, [r3, #56]
 159:Core/Src/stm32l0xx_hal_msp.c ****     /**USART2 GPIO Configuration
 266              		.loc 1 159 5 view .LVU49
 267              	.LBB3:
 159:Core/Src/stm32l0xx_hal_msp.c ****     /**USART2 GPIO Configuration
ARM GAS  /var/folders/d7/pb3dkhys6j3db_qtp_8v34p80000gn/T//ccwkPaSU.s 			page 9


 268              		.loc 1 159 5 view .LVU50
 159:Core/Src/stm32l0xx_hal_msp.c ****     /**USART2 GPIO Configuration
 269              		.loc 1 159 5 view .LVU51
 270 0028 D96A     		ldr	r1, [r3, #44]
 271 002a 0122     		movs	r2, #1
 272 002c 1143     		orrs	r1, r2
 273 002e D962     		str	r1, [r3, #44]
 159:Core/Src/stm32l0xx_hal_msp.c ****     /**USART2 GPIO Configuration
 274              		.loc 1 159 5 view .LVU52
 275 0030 DB6A     		ldr	r3, [r3, #44]
 276 0032 1A40     		ands	r2, r3
 277 0034 0092     		str	r2, [sp]
 159:Core/Src/stm32l0xx_hal_msp.c ****     /**USART2 GPIO Configuration
 278              		.loc 1 159 5 view .LVU53
 279 0036 009B     		ldr	r3, [sp]
 280              	.LBE3:
 159:Core/Src/stm32l0xx_hal_msp.c ****     /**USART2 GPIO Configuration
 281              		.loc 1 159 5 view .LVU54
 164:Core/Src/stm32l0xx_hal_msp.c ****     GPIO_InitStruct.Mode = GPIO_MODE_AF_PP;
 282              		.loc 1 164 5 view .LVU55
 164:Core/Src/stm32l0xx_hal_msp.c ****     GPIO_InitStruct.Mode = GPIO_MODE_AF_PP;
 283              		.loc 1 164 25 is_stmt 0 view .LVU56
 284 0038 01A9     		add	r1, sp, #4
 285 003a 0C23     		movs	r3, #12
 286 003c 0193     		str	r3, [sp, #4]
 165:Core/Src/stm32l0xx_hal_msp.c ****     GPIO_InitStruct.Pull = GPIO_NOPULL;
 287              		.loc 1 165 5 is_stmt 1 view .LVU57
 165:Core/Src/stm32l0xx_hal_msp.c ****     GPIO_InitStruct.Pull = GPIO_NOPULL;
 288              		.loc 1 165 26 is_stmt 0 view .LVU58
 289 003e 0A3B     		subs	r3, r3, #10
 290 0040 4B60     		str	r3, [r1, #4]
 166:Core/Src/stm32l0xx_hal_msp.c ****     GPIO_InitStruct.Speed = GPIO_SPEED_FREQ_VERY_HIGH;
 291              		.loc 1 166 5 is_stmt 1 view .LVU59
 167:Core/Src/stm32l0xx_hal_msp.c ****     GPIO_InitStruct.Alternate = GPIO_AF4_USART2;
 292              		.loc 1 167 5 view .LVU60
 167:Core/Src/stm32l0xx_hal_msp.c ****     GPIO_InitStruct.Alternate = GPIO_AF4_USART2;
 293              		.loc 1 167 27 is_stmt 0 view .LVU61
 294 0042 0133     		adds	r3, r3, #1
 295 0044 CB60     		str	r3, [r1, #12]
 168:Core/Src/stm32l0xx_hal_msp.c ****     HAL_GPIO_Init(GPIOA, &GPIO_InitStruct);
 296              		.loc 1 168 5 is_stmt 1 view .LVU62
 168:Core/Src/stm32l0xx_hal_msp.c ****     HAL_GPIO_Init(GPIOA, &GPIO_InitStruct);
 297              		.loc 1 168 31 is_stmt 0 view .LVU63
 298 0046 0133     		adds	r3, r3, #1
 299 0048 0B61     		str	r3, [r1, #16]
 169:Core/Src/stm32l0xx_hal_msp.c **** 
 300              		.loc 1 169 5 is_stmt 1 view .LVU64
 301 004a A020     		movs	r0, #160
 302 004c C005     		lsls	r0, r0, #23
 303 004e FFF7FEFF 		bl	HAL_GPIO_Init
 304              	.LVL16:
 305              		.loc 1 177 1 is_stmt 0 view .LVU65
 306 0052 E1E7     		b	.L14
 307              	.L18:
 308              		.align	2
 309              	.L17:
 310 0054 00440040 		.word	1073759232
ARM GAS  /var/folders/d7/pb3dkhys6j3db_qtp_8v34p80000gn/T//ccwkPaSU.s 			page 10


 311 0058 00100240 		.word	1073876992
 312              		.cfi_endproc
 313              	.LFE50:
 315              		.section	.text.HAL_UART_MspDeInit,"ax",%progbits
 316              		.align	1
 317              		.global	HAL_UART_MspDeInit
 318              		.syntax unified
 319              		.code	16
 320              		.thumb_func
 322              	HAL_UART_MspDeInit:
 323              	.LVL17:
 324              	.LFB51:
 178:Core/Src/stm32l0xx_hal_msp.c **** 
 179:Core/Src/stm32l0xx_hal_msp.c **** /**
 180:Core/Src/stm32l0xx_hal_msp.c ****   * @brief UART MSP De-Initialization
 181:Core/Src/stm32l0xx_hal_msp.c ****   * This function freeze the hardware resources used in this example
 182:Core/Src/stm32l0xx_hal_msp.c ****   * @param huart: UART handle pointer
 183:Core/Src/stm32l0xx_hal_msp.c ****   * @retval None
 184:Core/Src/stm32l0xx_hal_msp.c ****   */
 185:Core/Src/stm32l0xx_hal_msp.c **** void HAL_UART_MspDeInit(UART_HandleTypeDef* huart)
 186:Core/Src/stm32l0xx_hal_msp.c **** {
 325              		.loc 1 186 1 is_stmt 1 view -0
 326              		.cfi_startproc
 327              		@ args = 0, pretend = 0, frame = 0
 328              		@ frame_needed = 0, uses_anonymous_args = 0
 329              		.loc 1 186 1 is_stmt 0 view .LVU67
 330 0000 10B5     		push	{r4, lr}
 331              	.LCFI5:
 332              		.cfi_def_cfa_offset 8
 333              		.cfi_offset 4, -8
 334              		.cfi_offset 14, -4
 187:Core/Src/stm32l0xx_hal_msp.c ****   if(huart->Instance==USART2)
 335              		.loc 1 187 3 is_stmt 1 view .LVU68
 336              		.loc 1 187 11 is_stmt 0 view .LVU69
 337 0002 0268     		ldr	r2, [r0]
 338              		.loc 1 187 5 view .LVU70
 339 0004 074B     		ldr	r3, .L22
 340 0006 9A42     		cmp	r2, r3
 341 0008 00D0     		beq	.L21
 342              	.LVL18:
 343              	.L19:
 188:Core/Src/stm32l0xx_hal_msp.c ****   {
 189:Core/Src/stm32l0xx_hal_msp.c ****     /* USER CODE BEGIN USART2_MspDeInit 0 */
 190:Core/Src/stm32l0xx_hal_msp.c **** 
 191:Core/Src/stm32l0xx_hal_msp.c ****     /* USER CODE END USART2_MspDeInit 0 */
 192:Core/Src/stm32l0xx_hal_msp.c ****     /* Peripheral clock disable */
 193:Core/Src/stm32l0xx_hal_msp.c ****     __HAL_RCC_USART2_CLK_DISABLE();
 194:Core/Src/stm32l0xx_hal_msp.c **** 
 195:Core/Src/stm32l0xx_hal_msp.c ****     /**USART2 GPIO Configuration
 196:Core/Src/stm32l0xx_hal_msp.c ****     PA2     ------> USART2_TX
 197:Core/Src/stm32l0xx_hal_msp.c ****     PA3     ------> USART2_RX
 198:Core/Src/stm32l0xx_hal_msp.c ****     */
 199:Core/Src/stm32l0xx_hal_msp.c ****     HAL_GPIO_DeInit(GPIOA, USART_TX_Pin|USART_RX_Pin);
 200:Core/Src/stm32l0xx_hal_msp.c **** 
 201:Core/Src/stm32l0xx_hal_msp.c ****     /* USER CODE BEGIN USART2_MspDeInit 1 */
 202:Core/Src/stm32l0xx_hal_msp.c **** 
 203:Core/Src/stm32l0xx_hal_msp.c ****     /* USER CODE END USART2_MspDeInit 1 */
ARM GAS  /var/folders/d7/pb3dkhys6j3db_qtp_8v34p80000gn/T//ccwkPaSU.s 			page 11


 204:Core/Src/stm32l0xx_hal_msp.c ****   }
 205:Core/Src/stm32l0xx_hal_msp.c **** 
 206:Core/Src/stm32l0xx_hal_msp.c **** }
 344              		.loc 1 206 1 view .LVU71
 345              		@ sp needed
 346 000a 10BD     		pop	{r4, pc}
 347              	.LVL19:
 348              	.L21:
 193:Core/Src/stm32l0xx_hal_msp.c **** 
 349              		.loc 1 193 5 is_stmt 1 view .LVU72
 350 000c 064A     		ldr	r2, .L22+4
 351 000e 936B     		ldr	r3, [r2, #56]
 352 0010 0649     		ldr	r1, .L22+8
 353 0012 0B40     		ands	r3, r1
 354 0014 9363     		str	r3, [r2, #56]
 199:Core/Src/stm32l0xx_hal_msp.c **** 
 355              		.loc 1 199 5 view .LVU73
 356 0016 A020     		movs	r0, #160
 357              	.LVL20:
 199:Core/Src/stm32l0xx_hal_msp.c **** 
 358              		.loc 1 199 5 is_stmt 0 view .LVU74
 359 0018 0C21     		movs	r1, #12
 360 001a C005     		lsls	r0, r0, #23
 361 001c FFF7FEFF 		bl	HAL_GPIO_DeInit
 362              	.LVL21:
 363              		.loc 1 206 1 view .LVU75
 364 0020 F3E7     		b	.L19
 365              	.L23:
 366 0022 C046     		.align	2
 367              	.L22:
 368 0024 00440040 		.word	1073759232
 369 0028 00100240 		.word	1073876992
 370 002c FFFFFDFF 		.word	-131073
 371              		.cfi_endproc
 372              	.LFE51:
 374              		.text
 375              	.Letext0:
 376              		.file 2 "/Applications/ArmGNUToolchain/14.3.rel1/arm-none-eabi/arm-none-eabi/include/machine/_defa
 377              		.file 3 "/Applications/ArmGNUToolchain/14.3.rel1/arm-none-eabi/arm-none-eabi/include/sys/_stdint.h
 378              		.file 4 "Drivers/CMSIS/Device/ST/STM32L0xx/Include/stm32l053xx.h"
 379              		.file 5 "Drivers/STM32L0xx_HAL_Driver/Inc/stm32l0xx_hal_def.h"
 380              		.file 6 "Drivers/STM32L0xx_HAL_Driver/Inc/stm32l0xx_hal_gpio.h"
 381              		.file 7 "Drivers/STM32L0xx_HAL_Driver/Inc/stm32l0xx_hal_dma.h"
 382              		.file 8 "Drivers/STM32L0xx_HAL_Driver/Inc/stm32l0xx_hal_dac.h"
 383              		.file 9 "Drivers/STM32L0xx_HAL_Driver/Inc/stm32l0xx_hal_uart.h"
 384              		.file 10 "<built-in>"
ARM GAS  /var/folders/d7/pb3dkhys6j3db_qtp_8v34p80000gn/T//ccwkPaSU.s 			page 12


DEFINED SYMBOLS
                            *ABS*:00000000 stm32l0xx_hal_msp.c
/var/folders/d7/pb3dkhys6j3db_qtp_8v34p80000gn/T//ccwkPaSU.s:19     .text.HAL_MspInit:00000000 $t
/var/folders/d7/pb3dkhys6j3db_qtp_8v34p80000gn/T//ccwkPaSU.s:25     .text.HAL_MspInit:00000000 HAL_MspInit
/var/folders/d7/pb3dkhys6j3db_qtp_8v34p80000gn/T//ccwkPaSU.s:50     .text.HAL_MspInit:00000018 $d
/var/folders/d7/pb3dkhys6j3db_qtp_8v34p80000gn/T//ccwkPaSU.s:55     .text.HAL_DAC_MspInit:00000000 $t
/var/folders/d7/pb3dkhys6j3db_qtp_8v34p80000gn/T//ccwkPaSU.s:61     .text.HAL_DAC_MspInit:00000000 HAL_DAC_MspInit
/var/folders/d7/pb3dkhys6j3db_qtp_8v34p80000gn/T//ccwkPaSU.s:146    .text.HAL_DAC_MspInit:0000004c $d
/var/folders/d7/pb3dkhys6j3db_qtp_8v34p80000gn/T//ccwkPaSU.s:152    .text.HAL_DAC_MspDeInit:00000000 $t
/var/folders/d7/pb3dkhys6j3db_qtp_8v34p80000gn/T//ccwkPaSU.s:158    .text.HAL_DAC_MspDeInit:00000000 HAL_DAC_MspDeInit
/var/folders/d7/pb3dkhys6j3db_qtp_8v34p80000gn/T//ccwkPaSU.s:204    .text.HAL_DAC_MspDeInit:00000024 $d
/var/folders/d7/pb3dkhys6j3db_qtp_8v34p80000gn/T//ccwkPaSU.s:211    .text.HAL_UART_MspInit:00000000 $t
/var/folders/d7/pb3dkhys6j3db_qtp_8v34p80000gn/T//ccwkPaSU.s:217    .text.HAL_UART_MspInit:00000000 HAL_UART_MspInit
/var/folders/d7/pb3dkhys6j3db_qtp_8v34p80000gn/T//ccwkPaSU.s:310    .text.HAL_UART_MspInit:00000054 $d
/var/folders/d7/pb3dkhys6j3db_qtp_8v34p80000gn/T//ccwkPaSU.s:316    .text.HAL_UART_MspDeInit:00000000 $t
/var/folders/d7/pb3dkhys6j3db_qtp_8v34p80000gn/T//ccwkPaSU.s:322    .text.HAL_UART_MspDeInit:00000000 HAL_UART_MspDeInit
/var/folders/d7/pb3dkhys6j3db_qtp_8v34p80000gn/T//ccwkPaSU.s:368    .text.HAL_UART_MspDeInit:00000024 $d

UNDEFINED SYMBOLS
memset
HAL_GPIO_Init
HAL_GPIO_DeInit
